// Jest Snapshot v1, https://goo.gl/fbAQLP

exports[`FormReset should match snapshot 1`] = `ShallowWrapper {}`;
