// Jest Snapshot v1, https://goo.gl/fbAQLP

exports[`FormFieldRoot should match snapshot 1`] = `ShallowWrapper {}`;
