// Jest Snapshot v1, https://goo.gl/fbAQLP

exports[`FormField should match snapshot 1`] = `ReactWrapper {}`;
